PC references non-existent instruction in program memory.
1