PC references non-existent instruction in the function scope.
1